1786147047.393050 client started (79379): version 3.7b, socket /tmp/tmux-1000/default, protocol 8
1786147047.393077 on Linux 7.1.6-arch1-1 #1 SMP PREEMPT_DYNAMIC Tue, 04 Aug 2026 11:19:27 +0000
1786147047.393081 using libevent 2.1.13-stable poll
1786147047.393083 using ncurses 6.6 20251230
1786147047.393094 flags are 0x10010000
1786147047.393103 socket is /tmp/tmux-1000/default
1786147047.393115 trying connect
1786147047.393150 add peer 0x5592baac0e80: 6 ((nil))
1786147047.393389 sending message 111 to peer 0x5592baac0e80 (8 bytes)
1786147047.393396 sending message 111 to peer 0x5592baac0e80 (8 bytes)
1786147047.393399 sending message 101 to peer 0x5592baac0e80 (15 bytes)
1786147047.393402 sending message 109 to peer 0x5592baac0e80 (4 bytes)
1786147047.393404 sending message 102 to peer 0x5592baac0e80 (11 bytes)
1786147047.393407 sending message 108 to peer 0x5592baac0e80 (34 bytes)
1786147047.393409 sending message 112 to peer 0x5592baac0e80 (58 bytes)
1786147047.393412 sending message 112 to peer 0x5592baac0e80 (5 bytes)
1786147047.393464 sending message 112 to peer 0x5592baac0e80 (5 bytes)
1786147047.393466 sending message 112 to peer 0x5592baac0e80 (6 bytes)
1786147047.393469 sending message 112 to peer 0x5592baac0e80 (6 bytes)
1786147047.393471 sending message 112 to peer 0x5592baac0e80 (11 bytes)
1786147047.393474 sending message 112 to peer 0x5592baac0e80 (10 bytes)
1786147047.393477 sending message 112 to peer 0x5592baac0e80 (13 bytes)
1786147047.393479 sending message 112 to peer 0x5592baac0e80 (14 bytes)
1786147047.393481 sending message 112 to peer 0x5592baac0e80 (19 bytes)
1786147047.393484 sending message 112 to peer 0x5592baac0e80 (11 bytes)
1786147047.393486 sending message 112 to peer 0x5592baac0e80 (10 bytes)
1786147047.393489 sending message 112 to peer 0x5592baac0e80 (15 bytes)
1786147047.393491 sending message 112 to peer 0x5592baac0e80 (21 bytes)
1786147047.393494 sending message 112 to peer 0x5592baac0e80 (13 bytes)
1786147047.393496 sending message 112 to peer 0x5592baac0e80 (7 bytes)
1786147047.393499 sending message 112 to peer 0x5592baac0e80 (13 bytes)
1786147047.393501 sending message 112 to peer 0x5592baac0e80 (7 bytes)
1786147047.393504 sending message 112 to peer 0x5592baac0e80 (13 bytes)
1786147047.393506 sending message 112 to peer 0x5592baac0e80 (9 bytes)
1786147047.393509 sending message 112 to peer 0x5592baac0e80 (21 bytes)
1786147047.393511 sending message 112 to peer 0x5592baac0e80 (13 bytes)
1786147047.393514 sending message 112 to peer 0x5592baac0e80 (9 bytes)
1786147047.393516 sending message 112 to peer 0x5592baac0e80 (16 bytes)
1786147047.393519 sending message 112 to peer 0x5592baac0e80 (13 bytes)
1786147047.393521 sending message 112 to peer 0x5592baac0e80 (9 bytes)
1786147047.393524 sending message 112 to peer 0x5592baac0e80 (9 bytes)
1786147047.393526 sending message 112 to peer 0x5592baac0e80 (12 bytes)
1786147047.393529 sending message 112 to peer 0x5592baac0e80 (8 bytes)
1786147047.393531 sending message 112 to peer 0x5592baac0e80 (8 bytes)
1786147047.393534 sending message 112 to peer 0x5592baac0e80 (13 bytes)
1786147047.393536 sending message 112 to peer 0x5592baac0e80 (7 bytes)
1786147047.393539 sending message 112 to peer 0x5592baac0e80 (7 bytes)
1786147047.393541 sending message 112 to peer 0x5592baac0e80 (9 bytes)
1786147047.393544 sending message 112 to peer 0x5592baac0e80 (9 bytes)
1786147047.393546 sending message 112 to peer 0x5592baac0e80 (15 bytes)
1786147047.393549 sending message 112 to peer 0x5592baac0e80 (13 bytes)
1786147047.393551 sending message 112 to peer 0x5592baac0e80 (12 bytes)
1786147047.393554 sending message 112 to peer 0x5592baac0e80 (8 bytes)
1786147047.393556 sending message 112 to peer 0x5592baac0e80 (14 bytes)
1786147047.393559 sending message 112 to peer 0x5592baac0e80 (11 bytes)
1786147047.393561 sending message 112 to peer 0x5592baac0e80 (9 bytes)
1786147047.393564 sending message 112 to peer 0x5592baac0e80 (10 bytes)
1786147047.393576 sending message 112 to peer 0x5592baac0e80 (10 bytes)
1786147047.393579 sending message 112 to peer 0x5592baac0e80 (10 bytes)
1786147047.393587 sending message 112 to peer 0x5592baac0e80 (10 bytes)
1786147047.393590 sending message 112 to peer 0x5592baac0e80 (11 bytes)
1786147047.393592 sending message 112 to peer 0x5592baac0e80 (12 bytes)
1786147047.393595 sending message 112 to peer 0x5592baac0e80 (12 bytes)
1786147047.393597 sending message 112 to peer 0x5592baac0e80 (12 bytes)
1786147047.393600 sending message 112 to peer 0x5592baac0e80 (12 bytes)
1786147047.393602 sending message 112 to peer 0x5592baac0e80 (12 bytes)
1786147047.393605 sending message 112 to peer 0x5592baac0e80 (11 bytes)
1786147047.393607 sending message 112 to peer 0x5592baac0e80 (11 bytes)
1786147047.393610 sending message 112 to peer 0x5592baac0e80 (12 bytes)
1786147047.393612 sending message 112 to peer 0x5592baac0e80 (12 bytes)
1786147047.393615 sending message 112 to peer 0x5592baac0e80 (12 bytes)
1786147047.393617 sending message 112 to peer 0x5592baac0e80 (12 bytes)
1786147047.393620 sending message 112 to peer 0x5592baac0e80 (12 bytes)
1786147047.393622 sending message 112 to peer 0x5592baac0e80 (9 bytes)
1786147047.393625 sending message 112 to peer 0x5592baac0e80 (12 bytes)
1786147047.393627 sending message 112 to peer 0x5592baac0e80 (13 bytes)
1786147047.393630 sending message 112 to peer 0x5592baac0e80 (13 bytes)
1786147047.393632 sending message 112 to peer 0x5592baac0e80 (13 bytes)
1786147047.393635 sending message 112 to peer 0x5592baac0e80 (13 bytes)
1786147047.393637 sending message 112 to peer 0x5592baac0e80 (13 bytes)
1786147047.393639 sending message 112 to peer 0x5592baac0e80 (8 bytes)
1786147047.393642 sending message 112 to peer 0x5592baac0e80 (11 bytes)
1786147047.393644 sending message 112 to peer 0x5592baac0e80 (11 bytes)
1786147047.393647 sending message 112 to peer 0x5592baac0e80 (11 bytes)
1786147047.393650 sending message 112 to peer 0x5592baac0e80 (12 bytes)
1786147047.393652 sending message 112 to peer 0x5592baac0e80 (12 bytes)
1786147047.393655 sending message 112 to peer 0x5592baac0e80 (12 bytes)
1786147047.393657 sending message 112 to peer 0x5592baac0e80 (12 bytes)
1786147047.393659 sending message 112 to peer 0x5592baac0e80 (13 bytes)
1786147047.393662 sending message 112 to peer 0x5592baac0e80 (13 bytes)
1786147047.393664 sending message 112 to peer 0x5592baac0e80 (13 bytes)
1786147047.393667 sending message 112 to peer 0x5592baac0e80 (8 bytes)
1786147047.393669 sending message 112 to peer 0x5592baac0e80 (13 bytes)
1786147047.393672 sending message 112 to peer 0x5592baac0e80 (13 bytes)
1786147047.393674 sending message 112 to peer 0x5592baac0e80 (13 bytes)
1786147047.393677 sending message 112 to peer 0x5592baac0e80 (13 bytes)
1786147047.393679 sending message 112 to peer 0x5592baac0e80 (13 bytes)
1786147047.393682 sending message 112 to peer 0x5592baac0e80 (12 bytes)
1786147047.393684 sending message 112 to peer 0x5592baac0e80 (12 bytes)
1786147047.393686 sending message 112 to peer 0x5592baac0e80 (12 bytes)
1786147047.393689 sending message 112 to peer 0x5592baac0e80 (12 bytes)
1786147047.393691 sending message 112 to peer 0x5592baac0e80 (13 bytes)
1786147047.393694 sending message 112 to peer 0x5592baac0e80 (8 bytes)
1786147047.393697 sending message 112 to peer 0x5592baac0e80 (13 bytes)
1786147047.393699 sending message 112 to peer 0x5592baac0e80 (13 bytes)
1786147047.393702 sending message 112 to peer 0x5592baac0e80 (13 bytes)
1786147047.393704 sending message 112 to peer 0x5592baac0e80 (13 bytes)
1786147047.393706 sending message 112 to peer 0x5592baac0e80 (13 bytes)
1786147047.393709 sending message 112 to peer 0x5592baac0e80 (13 bytes)
1786147047.393711 sending message 112 to peer 0x5592baac0e80 (13 bytes)
1786147047.393714 sending message 112 to peer 0x5592baac0e80 (12 bytes)
1786147047.393716 sending message 112 to peer 0x5592baac0e80 (12 bytes)
1786147047.393719 sending message 112 to peer 0x5592baac0e80 (12 bytes)
1786147047.393721 sending message 112 to peer 0x5592baac0e80 (8 bytes)
1786147047.393724 sending message 112 to peer 0x5592baac0e80 (12 bytes)
1786147047.393726 sending message 112 to peer 0x5592baac0e80 (13 bytes)
1786147047.393732 sending message 112 to peer 0x5592baac0e80 (13 bytes)
1786147047.393735 sending message 112 to peer 0x5592baac0e80 (13 bytes)
1786147047.393737 sending message 112 to peer 0x5592baac0e80 (13 bytes)
1786147047.393740 sending message 112 to peer 0x5592baac0e80 (13 bytes)
1786147047.393742 sending message 112 to peer 0x5592baac0e80 (13 bytes)
1786147047.393745 sending message 112 to peer 0x5592baac0e80 (13 bytes)
1786147047.393747 sending message 112 to peer 0x5592baac0e80 (13 bytes)
1786147047.393750 sending message 112 to peer 0x5592baac0e80 (12 bytes)
1786147047.393752 sending message 112 to peer 0x5592baac0e80 (10 bytes)
1786147047.393755 sending message 112 to peer 0x5592baac0e80 (12 bytes)
1786147047.393757 sending message 112 to peer 0x5592baac0e80 (12 bytes)
1786147047.393759 sending message 112 to peer 0x5592baac0e80 (12 bytes)
1786147047.393762 sending message 112 to peer 0x5592baac0e80 (13 bytes)
1786147047.393764 sending message 112 to peer 0x5592baac0e80 (13 bytes)
1786147047.393767 sending message 112 to peer 0x5592baac0e80 (13 bytes)
1786147047.393769 sending message 112 to peer 0x5592baac0e80 (13 bytes)
1786147047.393772 sending message 112 to peer 0x5592baac0e80 (13 bytes)
1786147047.393774 sending message 112 to peer 0x5592baac0e80 (13 bytes)
1786147047.393777 sending message 112 to peer 0x5592baac0e80 (13 bytes)
1786147047.393779 sending message 112 to peer 0x5592baac0e80 (10 bytes)
1786147047.393782 sending message 112 to peer 0x5592baac0e80 (13 bytes)
1786147047.393784 sending message 112 to peer 0x5592baac0e80 (12 bytes)
1786147047.393787 sending message 112 to peer 0x5592baac0e80 (12 bytes)
1786147047.393789 sending message 112 to peer 0x5592baac0e80 (12 bytes)
1786147047.393791 sending message 112 to peer 0x5592baac0e80 (10 bytes)
1786147047.393794 sending message 112 to peer 0x5592baac0e80 (10 bytes)
1786147047.393796 sending message 112 to peer 0x5592baac0e80 (10 bytes)
1786147047.393799 sending message 112 to peer 0x5592baac0e80 (12 bytes)
1786147047.393801 sending message 112 to peer 0x5592baac0e80 (13 bytes)
1786147047.393804 sending message 112 to peer 0x5592baac0e80 (13 bytes)
1786147047.393806 sending message 112 to peer 0x5592baac0e80 (13 bytes)
1786147047.393809 sending message 112 to peer 0x5592baac0e80 (13 bytes)
1786147047.393811 sending message 112 to peer 0x5592baac0e80 (13 bytes)
1786147047.393814 sending message 112 to peer 0x5592baac0e80 (10 bytes)
1786147047.393816 sending message 112 to peer 0x5592baac0e80 (11 bytes)
1786147047.393819 sending message 112 to peer 0x5592baac0e80 (12 bytes)
1786147047.393821 sending message 112 to peer 0x5592baac0e80 (12 bytes)
1786147047.393824 sending message 112 to peer 0x5592baac0e80 (12 bytes)
1786147047.393826 sending message 112 to peer 0x5592baac0e80 (12 bytes)
1786147047.393828 sending message 112 to peer 0x5592baac0e80 (12 bytes)
1786147047.393831 sending message 112 to peer 0x5592baac0e80 (11 bytes)
1786147047.393833 sending message 112 to peer 0x5592baac0e80 (12 bytes)
1786147047.393836 sending message 112 to peer 0x5592baac0e80 (12 bytes)
1786147047.393838 sending message 112 to peer 0x5592baac0e80 (13 bytes)
1786147047.393841 sending message 112 to peer 0x5592baac0e80 (13 bytes)
1786147047.393843 sending message 112 to peer 0x5592baac0e80 (13 bytes)
1786147047.393846 sending message 112 to peer 0x5592baac0e80 (13 bytes)
1786147047.393848 sending message 112 to peer 0x5592baac0e80 (13 bytes)
1786147047.393850 sending message 112 to peer 0x5592baac0e80 (10 bytes)
1786147047.393853 sending message 112 to peer 0x5592baac0e80 (9 bytes)
1786147047.393856 sending message 112 to peer 0x5592baac0e80 (12 bytes)
1786147047.393858 sending message 112 to peer 0x5592baac0e80 (13 bytes)
1786147047.393861 sending message 112 to peer 0x5592baac0e80 (13 bytes)
1786147047.393863 sending message 112 to peer 0x5592baac0e80 (13 bytes)
1786147047.393865 sending message 112 to peer 0x5592baac0e80 (13 bytes)
1786147047.393868 sending message 112 to peer 0x5592baac0e80 (13 bytes)
1786147047.393870 sending message 112 to peer 0x5592baac0e80 (9 bytes)
1786147047.393876 sending message 112 to peer 0x5592baac0e80 (12 bytes)
1786147047.393879 sending message 112 to peer 0x5592baac0e80 (13 bytes)
1786147047.393881 sending message 112 to peer 0x5592baac0e80 (13 bytes)
1786147047.393884 sending message 112 to peer 0x5592baac0e80 (13 bytes)
1786147047.393886 sending message 112 to peer 0x5592baac0e80 (13 bytes)
1786147047.393889 sending message 112 to peer 0x5592baac0e80 (13 bytes)
1786147047.393891 sending message 112 to peer 0x5592baac0e80 (11 bytes)
1786147047.393893 sending message 112 to peer 0x5592baac0e80 (12 bytes)
1786147047.393896 sending message 112 to peer 0x5592baac0e80 (13 bytes)
1786147047.393898 sending message 112 to peer 0x5592baac0e80 (13 bytes)
1786147047.393901 sending message 112 to peer 0x5592baac0e80 (13 bytes)
1786147047.393903 sending message 112 to peer 0x5592baac0e80 (13 bytes)
1786147047.393906 sending message 112 to peer 0x5592baac0e80 (13 bytes)
1786147047.393908 sending message 112 to peer 0x5592baac0e80 (11 bytes)
1786147047.393911 sending message 112 to peer 0x5592baac0e80 (12 bytes)
1786147047.393913 sending message 112 to peer 0x5592baac0e80 (12 bytes)
1786147047.393916 sending message 112 to peer 0x5592baac0e80 (12 bytes)
1786147047.393918 sending message 112 to peer 0x5592baac0e80 (12 bytes)
1786147047.393921 sending message 112 to peer 0x5592baac0e80 (12 bytes)
1786147047.393923 sending message 112 to peer 0x5592baac0e80 (21 bytes)
1786147047.393926 sending message 112 to peer 0x5592baac0e80 (12 bytes)
1786147047.393928 sending message 112 to peer 0x5592baac0e80 (9 bytes)
1786147047.393930 sending message 112 to peer 0x5592baac0e80 (6 bytes)
1786147047.393933 sending message 112 to peer 0x5592baac0e80 (13 bytes)
1786147047.393935 sending message 112 to peer 0x5592baac0e80 (10 bytes)
1786147047.393938 sending message 112 to peer 0x5592baac0e80 (24 bytes)
1786147047.393940 sending message 112 to peer 0x5592baac0e80 (13 bytes)
1786147047.393943 sending message 112 to peer 0x5592baac0e80 (9 bytes)
1786147047.393945 sending message 112 to peer 0x5592baac0e80 (70 bytes)
1786147047.393948 sending message 112 to peer 0x5592baac0e80 (69 bytes)
1786147047.393950 sending message 112 to peer 0x5592baac0e80 (12 bytes)
1786147047.393952 sending message 112 to peer 0x5592baac0e80 (10 bytes)
1786147047.393955 sending message 112 to peer 0x5592baac0e80 (10 bytes)
1786147047.393957 sending message 112 to peer 0x5592baac0e80 (24 bytes)
1786147047.393960 sending message 112 to peer 0x5592baac0e80 (13 bytes)
1786147047.393962 sending message 112 to peer 0x5592baac0e80 (10 bytes)
1786147047.393965 sending message 112 to peer 0x5592baac0e80 (10 bytes)
1786147047.393967 sending message 112 to peer 0x5592baac0e80 (10 bytes)
1786147047.393970 sending message 112 to peer 0x5592baac0e80 (13 bytes)
1786147047.393972 sending message 112 to peer 0x5592baac0e80 (15 bytes)
1786147047.393975 sending message 112 to peer 0x5592baac0e80 (5 bytes)
1786147047.393978 sending message 104 to peer 0x5592baac0e80 (0 bytes)
1786147047.393980 sending message 110 to peer 0x5592baac0e80 (0 bytes)
1786147047.393983 sending message 107 to peer 0x5592baac0e80 (4 bytes)
1786147047.393986 sending message 105 to peer 0x5592baac0e80 (15 bytes)
1786147047.393988 sending message 105 to peer 0x5592baac0e80 (20 bytes)
1786147047.393991 sending message 105 to peer 0x5592baac0e80 (29 bytes)
1786147047.393993 sending message 105 to peer 0x5592baac0e80 (54 bytes)
1786147047.393996 sending message 105 to peer 0x5592baac0e80 (50 bytes)
1786147047.393998 sending message 105 to peer 0x5592baac0e80 (23 bytes)
1786147047.394000 sending message 105 to peer 0x5592baac0e80 (11 bytes)
1786147047.394003 sending message 105 to peer 0x5592baac0e80 (23 bytes)
1786147047.394005 sending message 105 to peer 0x5592baac0e80 (90 bytes)
1786147047.394008 sending message 105 to peer 0x5592baac0e80 (77 bytes)
1786147047.394010 sending message 105 to peer 0x5592baac0e80 (15 bytes)
1786147047.394013 sending message 105 to peer 0x5592baac0e80 (19 bytes)
1786147047.394015 sending message 105 to peer 0x5592baac0e80 (43 bytes)
1786147047.394021 sending message 105 to peer 0x5592baac0e80 (47 bytes)
1786147047.394024 sending message 105 to peer 0x5592baac0e80 (24 bytes)
1786147047.394026 sending message 105 to peer 0x5592baac0e80 (28 bytes)
1786147047.394029 sending message 105 to peer 0x5592baac0e80 (22 bytes)
1786147047.394031 sending message 105 to peer 0x5592baac0e80 (21 bytes)
1786147047.394034 sending message 105 to peer 0x5592baac0e80 (22 bytes)
1786147047.394036 sending message 105 to peer 0x5592baac0e80 (36 bytes)
1786147047.394039 sending message 105 to peer 0x5592baac0e80 (76 bytes)
1786147047.394041 sending message 105 to peer 0x5592baac0e80 (28 bytes)
1786147047.394044 sending message 105 to peer 0x5592baac0e80 (33 bytes)
1786147047.394046 sending message 105 to peer 0x5592baac0e80 (31 bytes)
1786147047.394049 sending message 105 to peer 0x5592baac0e80 (23 bytes)
1786147047.394051 sending message 105 to peer 0x5592baac0e80 (17 bytes)
1786147047.394054 sending message 105 to peer 0x5592baac0e80 (10 bytes)
1786147047.394056 sending message 105 to peer 0x5592baac0e80 (16 bytes)
1786147047.394059 sending message 105 to peer 0x5592baac0e80 (29 bytes)
1786147047.394061 sending message 105 to peer 0x5592baac0e80 (15 bytes)
1786147047.394063 sending message 105 to peer 0x5592baac0e80 (21 bytes)
1786147047.394066 sending message 105 to peer 0x5592baac0e80 (140 bytes)
1786147047.394069 sending message 105 to peer 0x5592baac0e80 (51 bytes)
1786147047.394071 sending message 105 to peer 0x5592baac0e80 (15 bytes)
1786147047.394073 sending message 105 to peer 0x5592baac0e80 (45 bytes)
1786147047.394076 sending message 105 to peer 0x5592baac0e80 (50 bytes)
1786147047.394078 sending message 105 to peer 0x5592baac0e80 (193 bytes)
1786147047.394081 sending message 105 to peer 0x5592baac0e80 (13 bytes)
1786147047.394083 sending message 105 to peer 0x5592baac0e80 (38 bytes)
1786147047.394086 sending message 105 to peer 0x5592baac0e80 (23 bytes)
1786147047.394088 sending message 105 to peer 0x5592baac0e80 (30 bytes)
1786147047.394091 sending message 105 to peer 0x5592baac0e80 (90 bytes)
1786147047.394093 sending message 105 to peer 0x5592baac0e80 (15 bytes)
1786147047.394096 sending message 105 to peer 0x5592baac0e80 (50 bytes)
1786147047.394099 sending message 105 to peer 0x5592baac0e80 (8 bytes)
1786147047.394101 sending message 105 to peer 0x5592baac0e80 (61 bytes)
1786147047.394104 sending message 105 to peer 0x5592baac0e80 (38 bytes)
1786147047.394106 sending message 105 to peer 0x5592baac0e80 (19 bytes)
1786147047.394108 sending message 105 to peer 0x5592baac0e80 (21 bytes)
1786147047.394111 sending message 105 to peer 0x5592baac0e80 (20 bytes)
1786147047.394113 sending message 105 to peer 0x5592baac0e80 (18 bytes)
1786147047.394116 sending message 105 to peer 0x5592baac0e80 (26 bytes)
1786147047.394118 sending message 105 to peer 0x5592baac0e80 (36 bytes)
1786147047.394121 sending message 105 to peer 0x5592baac0e80 (13 bytes)
1786147047.394123 sending message 105 to peer 0x5592baac0e80 (61 bytes)
1786147047.394126 sending message 105 to peer 0x5592baac0e80 (13 bytes)
1786147047.394128 sending message 105 to peer 0x5592baac0e80 (16 bytes)
1786147047.394131 sending message 105 to peer 0x5592baac0e80 (75 bytes)
1786147047.394133 sending message 105 to peer 0x5592baac0e80 (26 bytes)
1786147047.394135 sending message 105 to peer 0x5592baac0e80 (24 bytes)
1786147047.394138 sending message 105 to peer 0x5592baac0e80 (39 bytes)
1786147047.394140 sending message 105 to peer 0x5592baac0e80 (59 bytes)
1786147047.394143 sending message 105 to peer 0x5592baac0e80 (24 bytes)
1786147047.394145 sending message 105 to peer 0x5592baac0e80 (122 bytes)
1786147047.394148 sending message 105 to peer 0x5592baac0e80 (24 bytes)
1786147047.394150 sending message 105 to peer 0x5592baac0e80 (31 bytes)
1786147047.394153 sending message 105 to peer 0x5592baac0e80 (15 bytes)
1786147047.394155 sending message 105 to peer 0x5592baac0e80 (52 bytes)
1786147047.394157 sending message 105 to peer 0x5592baac0e80 (23 bytes)
1786147047.394160 sending message 105 to peer 0x5592baac0e80 (24 bytes)
1786147047.394166 sending message 105 to peer 0x5592baac0e80 (17 bytes)
1786147047.394169 sending message 105 to peer 0x5592baac0e80 (58 bytes)
1786147047.394171 sending message 105 to peer 0x5592baac0e80 (25 bytes)
1786147047.394174 sending message 105 to peer 0x5592baac0e80 (11 bytes)
1786147047.394177 sending message 105 to peer 0x5592baac0e80 (16 bytes)
1786147047.394179 sending message 105 to peer 0x5592baac0e80 (30 bytes)
1786147047.394182 sending message 106 to peer 0x5592baac0e80 (0 bytes)
1786147047.394220 sending message 200 to peer 0x5592baac0e80 (4 bytes)
1786147047.394224 client loop enter
1786147047.396276 peer 0x5592baac0e80 message 303
1786147047.396283 open write file 2 -
1786147047.396289 sending message 305 to peer 0x5592baac0e80 (8 bytes)
1786147047.396303 write check file 2
1786147047.396385 peer 0x5592baac0e80 message 304
1786147047.396392 write 58 to file 2
1786147047.396396 peer 0x5592baac0e80 message 203
1786147047.396399 file 2 58 bytes left
1786147047.396409 write check file 2
1786147047.396412 client loop exit
